========================================
共有MySQLユーザーseiya_dbのapp-dbuserへの改名とパスワードローテーション
実行日時: 2026-09-05
対象サーバ: oci-portfolio（seiya@217.142.230.83）
========================================

## 1. 背景

kakeibo issue #46 対応中の `webapp/.env` 誤反映
（[2026-09-05_mysqlユーザーパスワード誤上書き対応.log](2026-09-05_mysqlユーザーパスワード誤上書き対応.log)参照）
により、個人開発プロジェクト間で共有するMySQLユーザー `seiya_db@localhost` の
正しいパスワードが失われた。これを機に、ユーザー名に個人名を含まない
`app-dbuser` へ改名し、パスワードをローテーションした。

## 2. 変更前の状態確認

$ ssh seiya@217.142.230.83 "sudo mysql -N -e \"SHOW DATABASES;\""
arumono_recipe
information_schema
kakeibo
mysql
performance_schema
sys

$ ssh seiya@217.142.230.83 "sudo mysql -N -e \"SHOW GRANTS FOR 'seiya_db'@'localhost';\""
GRANT SELECT, INSERT, UPDATE, DELETE, CREATE, DROP, RELOAD, SHUTDOWN, PROCESS, FILE,
REFERENCES, INDEX, ALTER, SHOW DATABASES, SUPER, CREATE TEMPORARY TABLES, LOCK TABLES,
EXECUTE, REPLICATION SLAVE, REPLICATION CLIENT, CREATE VIEW, SHOW VIEW, CREATE ROUTINE,
ALTER ROUTINE, CREATE USER, EVENT, TRIGGER, CREATE TABLESPACE, CREATE ROLE, DROP ROLE
ON *.* TO `seiya_db`@`localhost`
（動的権限一式も付与済み。実質 ALL PRIVILEGES 相当）

$ ssh seiya@217.142.230.83 "sudo mysql -N -e \"SELECT user,host,plugin FROM mysql.user;\""
root            127.0.0.1  caching_sha2_password
root            ::1        caching_sha2_password
debian-sys-maint localhost caching_sha2_password
mysql.infoschema localhost caching_sha2_password
mysql.session    localhost caching_sha2_password
mysql.sys        localhost caching_sha2_password
root            localhost  auth_socket
seiya_db        localhost  caching_sha2_password
root            oci-portfolio caching_sha2_password

- `root@oci-portfolio` はこのサーバ自身のホスト名からのroot許可であり、
  「oci-portfolioという別プロジェクト」ではないことを確認した
- `arumono_recipe` データベースを実際に利用しているアプリは見つからなかった
  （`arumono-recipe`リポジトリのドキュメントにこのMySQLホストへの言及なし）
- 結論として `seiya_db` を実際に使っている現行アプリは kakeibo のみと判断した

## 3. Pod状態確認（変更前）

$ ssh seiya@217.142.230.83 "kubectl get pods -n kakeibo -o wide"
kakeibo-web-64c85c944c-j7267  1/1  Running  0  48m
（kakeibo-mail-import 由来のJobはError。壊れたDB_PASSWORDを参照して失敗していたと推測）

## 4. Ansibleによる改名・パスワードローテーション

`ansible/group_vars/all.yml` の `mysql_users[0].name` を `app-dbuser` に変更し、
`vault_mysql_password` を新しいパスワードで再暗号化した
（パスワードは `openssl rand -base64 24` で生成し、Ansible Vaultおよび
kakeibo側の`.env`/Kubernetes Secretにのみ反映。本ログには記録しない）。

`ansible/roles/mysql/tasks/main.yml` に旧ユーザー削除タスクを追加した
（`seiya_db`、および改名作業中に一時的に作成した過渡的名称`shared_app`を
`state: absent`で削除。べき等なので恒久的にroleへ残す）。
あわせて`Create application users and grant privileges`タスクに`no_log: true`を
追加した（`--check`実行時にパスワード平文が出力されることが判明したため）。

$ ./scripts/run_ansible.sh --check --tags mysql
（`no_log: true`適用後、パスワードがcensored表示になることを確認）

$ ./scripts/run_ansible.sh --tags mysql
TASK [mysql : Create application users and grant privileges] *******************
changed: [oci-portfolio]
TASK [mysql : Remove legacy seiya_db user (renamed to app-dbuser)] *************
ok: [oci-portfolio]
TASK [mysql : Remove transitional shared_app user (renamed to app-dbuser)] *****
changed: [oci-portfolio]
PLAY RECAP: ok=13  changed=2  failed=0

## 5. 変更後の状態確認

$ ssh seiya@217.142.230.83 "sudo mysql -N -e \"SELECT user,host,plugin FROM mysql.user WHERE user IN ('seiya_db','shared_app','app-dbuser');\""
app-dbuser  localhost  mysql_native_password

$ ssh seiya@217.142.230.83 "sudo mysql -N -e \"SHOW GRANTS FOR 'app-dbuser'@'localhost';\""
（変更前の`seiya_db`と同一の権限セットであることを確認）

`seiya_db`・`shared_app`とも削除され、`app-dbuser`のみが存在することを確認した。
なお認証プラグインが`caching_sha2_password`ではなく`mysql_native_password`に
なっている点は今回未調査。動作に支障はないため次回課題とする。

## 6. kakeibo側の反映

$ kakeibo/webapp/.env の DB_USER を `app-dbuser`、DB_PASSWORD を新パスワードに更新
$ ./scripts/create_secret.sh webapp/.env
secret/kakeibo-secrets successfully updated

$ ssh seiya@217.142.230.83 "kubectl rollout restart deployment/kakeibo-web -n kakeibo"
$ ssh seiya@217.142.230.83 "kubectl rollout status deployment/kakeibo-web -n kakeibo --timeout=120s"
deployment "kakeibo-web" successfully rolled out

$ ssh seiya@217.142.230.83 "kubectl get pods -n kakeibo -l app=kakeibo-web"
kakeibo-web-56ff84c48b-m7ktl  1/1  Running  0  37s
（ログにDB接続エラーなし）

$ curl -s -o /dev/null -w "%{http_code}" https://technohonesty.com/kakeibo/
302（未ログイン時の正常なリダイレクト）

## 7. issue #46 メール取込ジョブの手動検証

$ ssh seiya@217.142.230.83 "kubectl create job --from=cronjob/kakeibo-mail-import kakeibo-mail-import-verify-<timestamp> -n kakeibo"
$ ssh seiya@217.142.230.83 "kubectl logs -n kakeibo kakeibo-mail-import-verify-<timestamp>-xxxxx"

DBエラーは発生せず、Gmail APIラベル取得部分で以下のエラーが発生した。

googleapiclient.errors.HttpError: 403 ... "Gmail API has not been used in project
296565942844 before or it is disabled. ..."

DB接続自体は正常に復旧していることを確認した。Gmail API未有効化は今回のMySQL
作業とは別件のブロッカーであり、issue #46側で別途対応する。

検証用Jobは動作確認後に削除した。

$ ssh seiya@217.142.230.83 "kubectl delete job kakeibo-mail-import-verify-<timestamp> -n kakeibo"

========================================
## まとめ

1. 共有MySQLユーザー `seiya_db` を、個人名を含まない `app-dbuser` へ改名し、
   パスワードをローテーションした（権限セットは変更前と同一）
2. `arumono_recipe` を実際に利用しているアプリが確認できなかったため、
   対応範囲をkakeiboのみとした
3. kakeibo側の `.env` / Kubernetes Secret を新しい認証情報に更新し、
   Pod再起動後にDB接続が正常であることを確認した
4. issue #46のメール取込は、DB接続とは別にGmail API未有効化というブロッカーが
   別途存在することが判明した（今回のMySQL作業の対象外）
5. `app-dbuser` の認証プラグインが`mysql_native_password`になっている点、
   および認証情報の一元管理（OCI Vault + External Secrets Operator等）への
   移行は、いずれも別Issueとして今後検討する
