========================================
app-dbuserの認証プラグイン是正、および秘密情報管理のOCI Vault移行
実行日時: 2026-09-05
対象サーバ: oci-portfolio（seiya@217.142.230.83）
========================================

## 1. 背景（issue #76）

PR #75（seiya_db → app-dbuser改名）でユーザーを作り直した際、
`ansible/roles/mysql/tasks/main.yml` で `plugin: caching_sha2_password` を
明示していたにもかかわらず、実際に作成された app-dbuser の認証プラグインが
mysql_native_password になっていた。

$ ssh seiya@217.142.230.83 "sudo mysql -N -e \"SELECT user,host,plugin FROM mysql.user WHERE user='app-dbuser';\""
app-dbuser  localhost  mysql_native_password

## 2. 原因調査

community.mysql.mysql_user（3.8.0）の実装を確認したところ、password（平文）と
plugin を同時指定すると、ユーザー新規作成時に password 側の分岐が優先され
plugin 指定を無視して mysql_native_password で作成する仕様であることが判明した
（plugins/module_utils/user.py の user_add() が plugin_hash_string/
plugin_auth_string 経由でない限り plugin 単体を見ない）。

本番サーバに対する check_mode: true の一時playbookで、plugin_auth_string
（IDENTIFIED WITH plugin BY 平文）を使えば意図通り反映されることを確認した。

なお、この検証作業中に app-dbuser の当時のパスワードが一度、作業ツールのログへ
出力される事故があった（ファイル・コミットには含まれない）。本対応でパスワードを
ローテーションするため、この件は本対応により解消される。

## 3. 対応方針の拡張

是正・ローテーションに加えて、個人開発プロジェクト間で共有するDBパスワードの
管理方法自体をOCI Vault（Secrets Management）+ External Secrets Operator (ESO)
による一元管理へ移行する方針とした。各プロジェクトの `.env`/Kubernetes Secret へ
パスワードを平文で書き写す運用（2026-09-05に一度パスワードを喪失した原因）を
廃止する。

## 4. Terraformによる変更

`terraform/vault.tf` を新規作成し、以下を追加した（Always Free枠に収めるため
DEFAULT Vault + SOFTWARE鍵を使用）。

- `oci_kms_vault.secrets`（DEFAULT）
- `oci_kms_key.app_db_password_key`（SOFTWARE, AES-256）
- `random_password.app_db_password`
- `oci_vault_secret.app_db_password`（secret_name: app-dbuser-password）
- `oci_identity_dynamic_group.eso`（対象Compute Instanceにマッチ）
- `oci_identity_policy.eso_vault_read`（Dynamic GroupにVaultのsecret-family読み取りを許可）

$ ./scripts/plan_tf.sh
Plan: 6 to add, 6 to change, 0 to destroy.
（6 to changeはnews-check→infra-oci改称に伴う既存タグ・表示名のdrift。本対応とは無関係）

$ ./scripts/apply_tf.sh
Apply complete! Resources: 6 added, 6 changed, 0 destroyed.

outputs: oci_vault_id / oci_region / oci_compartment_ocid を追加し、
Ansible側（scripts/run_ansible.sh）が terraform output から自動取得するようにした。

## 5. Ansibleによる変更

- `ansible/roles/mysql/tasks/main.yml`: `password` パラメータを廃止し
  `plugin_auth_string` へ変更（根本原因の是正）。直前にOCI CLI（ユーザープリンシパル）
  でVaultからパスワードを取得するタスクを追加
- `ansible/group_vars/all.yml`: `vault_mysql_password`（ansible-vault）を削除、
  `mysql_users[0].password` を `oci_secret_name: "app-dbuser-password"` に変更
- `ansible/roles/kubernetes/tasks/main.yml`: External Secrets Operator (v2.9.0) の
  インストールとClusterSecretStore（OCI Vault, InstancePrincipal）の適用タスクを追加

$ ./scripts/run_ansible.sh --check --tags kubernetes,mysql
（failed=0、新規タスクの配線に問題なし）

$ ./scripts/run_ansible.sh --tags kubernetes,mysql
TASK [kubernetes : Deploy External Secrets Operator] ***
fatal: [oci-portfolio]: FAILED! => ... CustomResourceDefinition ... "metadata.annotations: Too long: must have at most 262144 bytes"

ESOのCRD（clustersecretstores/secretstores）はOpenAPIスキーマが大きく、通常の
client-side apply が付与する last-applied-configuration アノテーションが
Kubernetesのアノテーション上限（262144バイト）を超えるため失敗した。
`kubectl apply --server-side --force-conflicts` に変更して修正した。

また、external-secrets.yaml は専用Namespaceを作成せず default Namespaceへ
展開される仕様だったため、「webhookの起動待ち」タスクの `-n external-secrets` を
`-n default` に修正した。

$ ./scripts/run_ansible.sh --tags kubernetes,mysql
PLAY RECAP: ok=46 changed=10 failed=0 skipped=4

$ ssh seiya@217.142.230.83 "kubectl get clustersecretstore oci-vault"
NAME        STATUS              READY
oci-vault   ValidationUnknown   True
（ValidationUnknownはOCIプロバイダーで既知の正常状態。READY=Trueを確認）

## 6. 既存app-dbuserの一度きりの是正

`update_password: on_create` は既存ユーザーへの変更を意図的にスキップする設計
（2026-09-05 mysqlユーザーパスワード誤上書き対応.log 参照）のため、恒久タスクの
再実行だけでは既存の app-dbuser は是正されない。スクラッチパッドに一度きりの
ad-hoc playbook（plugin_auth_string に新パスワードを指定してALTER USERを発行）を
作成して1回実行し、確認後に破棄した。

$ ssh seiya@217.142.230.83 "sudo mysql -N -e \"SELECT user,host,plugin FROM mysql.user WHERE user='app-dbuser';\""
app-dbuser  localhost  caching_sha2_password

## 7. kakeibo側の追従

app-dbuserのパスワードがローテーションされたため、kakeiboのKubernetes Secret
（kakeibo-secrets の DB_PASSWORD）を新しい値へ更新し、Pod を再起動した
（プレーンテキストはいずれの操作でもログ・ターミナル出力に表示していない）。

$ kubectl patch secret kakeibo-secrets -n kakeibo --type=merge -p '...'
secret/kakeibo-secrets patched

$ kubectl rollout restart deployment/kakeibo-web -n kakeibo
$ kubectl rollout status deployment/kakeibo-web -n kakeibo --timeout=120s
deployment "kakeibo-web" successfully rolled out

$ kubectl logs -n kakeibo -l app=kakeibo-web --tail=30
（DB接続エラーなし）

$ curl -s -o /dev/null -w "%{http_code}" https://technohonesty.com/kakeibo/
302（未ログイン時の正常なリダイレクト）

kakeibo側で ExternalSecret を用いてOCI Vaultから自動同期する対応は、
別リポジトリ（kakeibo）側の作業のため本対応の対象外とした。

========================================
## まとめ

1. `community.mysql.mysql_user` の password/plugin 同時指定時の挙動が原因と判明し、
   `plugin_auth_string` を使う実装へ是正した（根本原因の是正）
2. 秘密情報管理をOCI Vault + External Secrets Operatorによる一元管理へ移行した
   （TerraformでVault/Key/Secret/Dynamic Group/Policyを作成、AnsibleでESOを導入）
3. 既存の app-dbuser を一度きりの是正で caching_sha2_password へ更新し、
   あわせてパスワードをローテーションした
4. kakeibo側のKubernetes Secretを新パスワードへ更新し、Pod再起動後の
   正常動作を確認した
5. kakeibo側のExternalSecret移行（.env直書きの廃止）は別リポジトリでの
   今後の対応とする
