========================================
[kakeiboスキーマ作成（seiya_dbユーザー・グローバル権限統合版）]
実行日時: 2026-07-04
対象サーバ: oci-portfolio
========================================

## 1. 変更前のデータベース・ユーザー確認

$ ansible -i hosts.yml oci-portfolio -m shell -a "mysql -u root -e 'SHOW DATABASES;'" --become
Database
arumono_recipe
information_schema
mysql
performance_schema
sys

$ ansible -i hosts.yml oci-portfolio -m shell -a "mysql -u root -e 'SELECT user, host FROM mysql.user;'" --become
user	host
root	127.0.0.1
root	::1
arumono_recipe_user	localhost
debian-sys-maint	localhost
mysql.infoschema	localhost
mysql.session	localhost
mysql.sys	localhost
root	localhost
root	oci-portfolio

## 2. 既存ユーザーの削除（ad-hoc）

$ ansible -i hosts.yml oci-portfolio -m mysql_user -a "name=arumono_recipe_user state=absent login_unix_socket=/var/run/mysqld/mysqld.sock" --become
User deleted (arumono_recipe_user)

$ ansible -i hosts.yml oci-portfolio -m mysql_user -a "name=kakeibo_user state=absent login_unix_socket=/var/run/mysqld/mysqld.sock" --become
User deleted (kakeibo_user)

$ ansible -i hosts.yml oci-portfolio -m mysql_user -a "name=portfolio_user state=absent login_unix_socket=/var/run/mysqld/mysqld.sock" --become
User deleted (portfolio_user)

## 3. 構築プレイブックの実行 (MySQLロール)

$ ansible-playbook -i hosts.yml site.yml --vault-password-file .vault_password --tags mysql
PLAY [Configure OCI Instance (OS, Kubernetes, MySQL)] **************************

TASK [Gathering Facts] *********************************************************
ok: [oci-portfolio]

TASK [mysql : Install MySQL packages and python3-pymysql] **********************
ok: [oci-portfolio]

TASK [mysql : Configure MySQL server mysqld.cnf] *******************************
ok: [oci-portfolio]

TASK [mysql : Ensure MySQL service is enabled and started] *********************
ok: [oci-portfolio]

TASK [mysql : Restart MySQL if config changed] *********************************
skipping: [oci-portfolio]

TASK [mysql : Remove anonymous MySQL users] ************************************
ok: [oci-portfolio]

TASK [mysql : Disallow root remote login] **************************************
ok: [oci-portfolio] => (item=oci-portfolio)
ok: [oci-portfolio] => (item=127.0.0.1)
ok: [oci-portfolio] => (item=::1)

TASK [mysql : Remove test database] ********************************************
ok: [oci-portfolio]

TASK [mysql : Create application databases] ************************************
ok: [oci-portfolio] => (item={'name': 'arumono_recipe', 'encoding': 'utf8mb4', 'collation': 'utf8mb4_0900_ai_ci'})
ok: [oci-portfolio] => (item={'name': 'kakeibo', 'encoding': 'utf8mb4', 'collation': 'utf8mb4_0900_ai_ci'})

TASK [mysql : Create application users and grant privileges] *******************
changed: [oci-portfolio] => (item={'name': 'seiya_db', 'password': 'YourActualMySQLPasswordHere', 'priv': '*.*:ALL', 'host': 'localhost'})

PLAY RECAP *********************************************************************
oci-portfolio              : ok=9    changed=1    unreachable=0    failed=0    skipped=1    rescued=0    ignored=0   

## 4. 変更後のデータベース・ユーザー・権限確認

$ ansible -i hosts.yml oci-portfolio -m shell -a "mysql -u root -e 'SHOW DATABASES;'" --become
Database
arumono_recipe
information_schema
kakeibo
mysql
performance_schema
sys

$ ansible -i hosts.yml oci-portfolio -m shell -a "mysql -u root -e 'SELECT user, host FROM mysql.user;'" --become
user	host
root	127.0.0.1
root	::1
debian-sys-maint	localhost
mysql.infoschema	localhost
mysql.session	localhost
mysql.sys	localhost
root	localhost
seiya_db	localhost
root	oci-portfolio

$ ansible -i hosts.yml oci-portfolio -m shell -a "mysql -u root -e \"SHOW GRANTS FOR 'seiya_db'@'localhost';\"" --become
Grants for seiya_db@localhost
GRANT SELECT, INSERT, UPDATE, DELETE, CREATE, DROP, RELOAD, SHUTDOWN, PROCESS, FILE, REFERENCES, INDEX, ALTER, SHOW DATABASES, SUPER, CREATE TEMPORARY TABLES, LOCK TABLES, EXECUTE, REPLICATION SLAVE, REPLICATION CLIENT, CREATE VIEW, SHOW VIEW, CREATE ROUTINE, ALTER ROUTINE, CREATE USER, EVENT, TRIGGER, CREATE TABLESPACE, CREATE ROLE, DROP ROLE ON *.* TO `seiya_db`@`localhost`

========================================
## まとめ

すべてのDB権限（グローバル権限）を持つ seiya_db を作成。
これにより、プレイブック上でデータベースを追加した際も、個別権限の追加指定が不要となり、seiya_db がすべてのスキーマへアクセス可能となった。
