========================================
mysql.service RuntimeDirectoryPreserve設定のAnsible恒久化
実行日時: 2026-09-05
対象サーバ: oci-portfolio（seiya@217.142.230.83）
========================================

## 1. 背景

2026-09-02にホスト上で手動対応した`RuntimeDirectoryPreserve=yes`の
systemd drop-in（kakeiboリポジトリ
`docs/04.保守・運用/MySQL/証跡/2026-09-02_mysqld実行ディレクトリ保持設定.log`参照）は
本Ansibleの管理下になく、インスタンス再作成時に失われるため、mysqlロールへ恒久化した。

## 2. 変更内容

- `ansible/roles/mysql/tasks/main.yml`に、`/etc/systemd/system/mysql.service.d/override.conf`
  （`RuntimeDirectoryPreserve=yes`）を配置するタスクを追加
- `ansible/roles/mysql/handlers/main.yml`を新規作成
  （`reload systemd daemon`・`restart mysql`ハンドラ）

## 3. 動作確認

$ ansible-playbook -i hosts.yml site.yml --vault-password-file .vault_password --tags mysql --check --diff
（抜粋）
TASK [mysql : Preserve mysqld runtime directory across restarts] ***************
ok: [oci-portfolio]
PLAY RECAP: changed=0

check-modeで`changed=0`となり、ホスト上に手動で適用済みの内容と完全に一致している
（差分なし）ことを確認した。続けて本適用を実行した。

$ ansible-playbook -i hosts.yml site.yml --vault-password-file .vault_password --tags mysql
（抜粋）
TASK [mysql : Preserve mysqld runtime directory across restarts] ***************
ok: [oci-portfolio]

$ ssh oci-portfolio "sudo systemctl show mysql -p RuntimeDirectoryPreserve && sudo systemctl is-active mysql"
RuntimeDirectoryPreserve=yes
active

本タスクは`ok`（差分なし）のためmysqld再起動は発生しておらず、
既存Podのソケット接続には影響がないことを確認した。

なお、本実行に含まれる別タスク（`Create application users and grant privileges`）で
seiya_dbのパスワードが意図せず上書きされる事象が発生した。対応の詳細は
[2026-09-05_mysqlユーザーパスワード誤上書き対応.log](2026-09-05_mysqlユーザーパスワード誤上書き対応.log)
を参照。

========================================
## まとめ

`RuntimeDirectoryPreserve=yes`をmysqlロールに恒久化し、本番ホストへの適用と
無停止での反映（差分なし）を確認した。インスタンス再作成時にも自動的に
本設定が適用されるようになった。
