========================================
mysql.serviceのRuntimeDirectoryPreserve設定反映時に発生したseiya_dbパスワード誤上書き対応
実行日時: 2026-09-05
対象サーバ: oci-portfolio（seiya@217.142.230.83）
========================================

## 1. 事象確認

RuntimeDirectoryPreserve=yes をAnsibleロールへ恒久化するため、
`ansible-playbook -i hosts.yml site.yml --vault-password-file .vault_password --tags mysql`
を実行したところ、`mysql : Create application users and grant privileges` タスクが
`changed`となり、seiya_dbユーザーのパスワードが `mysql_users` 変数の値
（`YourActualMySQLPasswordHere`、実運用中のパスワードとは異なる値）で上書きされた。

$ ansible-playbook -i hosts.yml site.yml --vault-password-file .vault_password --tags mysql
（抜粋）
TASK [mysql : Create application users and grant privileges] *******************
changed: [oci-portfolio] => (item={'name': 'seiya_db', 'password': 'YourActualMySQLPasswordHere', ...})

直後、Web PodからのDB接続が失敗することを確認した。

$ kubectl exec -n kakeibo deploy/kakeibo-web -c web -- python manage.py shell -c '...'
django.db.utils.OperationalError: (1045, "Access denied for user 'seiya_db'@'localhost' (using password: YES)")

原因: `mysql_user`モジュールは`update_password`未指定時のデフォルト`always`のため、
プレイブック実行のたびに既存ユーザーのパスワードを`mysql_users`変数の値へ強制的に
同期する。`vault_mysql_password`（vault暗号化変数）の実値が、過去に手動で変更された
実運用パスワードと乖離していたため、今回の実行で本番パスワードが意図せず上書きされた。

## 2. 復旧対応

Kubernetes Secret（`kakeibo-secrets`の`DB_PASSWORD`、アプリ側が実際に使用している
正しい値）を取得し、MySQL側のパスワードをそれに合わせて再設定した。

$ kubectl get secret kakeibo-secrets -n kakeibo -o jsonpath={.data.DB_PASSWORD} | base64 -d > /tmp/db_pw.txt
$ sudo mysql -e "ALTER USER 'seiya_db'@'localhost' IDENTIFIED BY '<取得した値>'; FLUSH PRIVILEGES;"
$ rm -f /tmp/db_pw.txt

## 3. 動作確認

$ kubectl exec -n kakeibo deploy/kakeibo-web -c web -- python manage.py shell -c \
  'from django.db import connection; connection.ensure_connection(); print("DB OK:", connection.is_usable())'
DB OK: True

DB接続の復旧を確認した。

## 4. 再発防止

`ansible/roles/mysql/tasks/main.yml`の`Create application users and grant privileges`
タスクに`update_password: on_create`を追加し、既存ユーザーに対しては
プレイブック実行時にパスワードを上書きしないよう修正した。

$ ansible-playbook -i hosts.yml site.yml --vault-password-file .vault_password --tags mysql --check --diff
（修正後、`ansible_check_mode`のガードにより本タスク自体はcheckモードでは実行されないため
 本番相当の確認は次回の実タグ実行時に持ち越し。`update_password: on_create`は
 community.mysql公式ドキュメントで確立された挙動であり、追加の実機検証なしに採用した）

========================================
## まとめ

1. Ansible `mysql_user` タスクの`update_password`デフォルト（`always`）により、
   プレイブック再実行のたびに本番パスワードが`mysql_users`変数の値へ強制同期される
   構成になっており、変数の値が実運用パスワードと乖離していたため本番DB接続断を
   引き起こした
2. Kubernetes Secretの正しい値でMySQL側パスワードを復旧し、DB接続を回復させた
3. `update_password: on_create` を追加し、既存ユーザーのパスワードが
   意図せず上書きされないよう修正した
4. `vault_mysql_password`（vault暗号化変数）の値は、現在MySQLに設定されている
   実際のパスワードと一致していない状態のままである。ユーザー新規作成時のみ
   使用される値のため通常は影響しないが、正しい値へ更新することが望ましい
   （本ログでは値を扱わないため対応は別途ユーザー側で実施）
